
> nextn@0.1.0 build
> next build

   Ôû▓ Next.js 15.3.8
   - Environments: .env.local

   Creating an optimized production build ...
 Ô£ô Compiled successfully in 43s
   Skipping linting
   Checking validity of types ...
node.exe : Failed to 
compile.
Au caractère Ligne:1 : 1
+ & "C:\Program 
Files\nodejs/node.exe" 
"C:\Program 
Files\nodejs/node_mo ...
+ ~~~~~~~~~~~~~~~~~~~~~~~~
~~~~~~~~~~~~~~~~~~~~~~~~~~
~~~~~~~~~~~~~~~~~~~
    + CategoryInfo        
  :     NotSpecified: 
(Failed to     
compile.:String) [], Rem  
  oteException
    + 
FullyQualifiedErrorId :   
  NativeCommandError
 

./src/app/chiefs/[id]/edit
/page.tsx:224:218
Type error: Property 
'cnrctRegistrationNumber' 
does not exist on type 
'Partial<Chief>'. Did you 
mean 
'CNRCTRegistrationNumber'?

[0m [90m 222 |[39m     
                        [
33m<[39m[33mAccordionCon
tent[39m[33m>[39m[0m
[0m [90m 223 |[39m     
                          
  
[33m<[39m[33mdiv[39m c
lassName[33m=[39m[32m"g
rid grid-cols-1 
md:grid-cols-2 gap-6 
pt-4"[39m[33m>[39m[0m
[0m[31m[1m>[22m[39m[
90m 224 |[39m            
                         
[33m<[39m[33mdiv[39m c
lassName[33m=[39m[32m"s
pace-y-2"[39m[33m>[39m
[33m<[39m[33mLabel[39m 
htmlFor[33m=[39m[32m"cn
rctRegistrationNumber"[39
m[33m>[39m[33mN┬░[39m 
d[32m'enregistrement 
CNRCT</Label><Input id="cn
rctRegistrationNumber" nam
e="cnrctRegistrationNumber
" value={chief.cnrctRegist
rationNumber || 
'[39m[32m'} onChange={ha
ndleInputChange} 
/></div>[39m[0m
[0m [90m     |[39m     
                          
                          
                          
                          
                          
                          
                          
                          
     
[31m[1m^[22m[39m[0m
[0m [90m 225 |[39m     
                          
      
[33m<[39m[33mdiv[39m c
lassName[33m=[39m[32m"s
pace-y-2"[39m[33m>[39m
[33m<[39m[33mLabel[39m 
htmlFor[33m=[39m[32m"re
gencyStartDate"[39m[33m>
[39m[33mD├®but[39m de r
├®gence[33m<[39m[35m/La
bel><Input 
id="regencyStartDate" 
name="regencyStartDate" 
type="date" value={chief.r
egencyStartDate || ''} onC
hange={handleInputChange} 
/[39m[33m>[39m[33m<[3
9m[33m/[39m[33mdiv[39m
[33m>[39m[0m
[0m [90m 226 |[39m     
                          
      
[33m<[39m[33mdiv[39m c
lassName[33m=[39m[32m"s
pace-y-2"[39m[33m>[39m
[33m<[39m[33mLabel[39m 
htmlFor[33m=[39m[32m"re
gencyEndDate"[39m[33m>[
39m[33mFin[39m de 
r├®gence [33m/[39m [33m
D├®c├¿s[39m[33m<[39m[3
5m/Label><Input 
id="regencyEndDate" 
name="regencyEndDate" 
type="date" value={chief.r
egencyEndDate || ''} onCha
nge={handleInputChange} /
[39m[33m>[39m[33m<[39m
[33m/[39m[33mdiv[39m[
33m>[39m[0m
[0m [90m 227 |[39m     
                          
      
[33m<[39m[33mdiv[39m c
lassName[33m=[39m[32m"s
pace-y-2 md:col-span-2"[3
9m[33m>[39m[33m<[39m[
33mLabel[39m htmlFor[33m
=[39m[32m"officialDocume
nts"[39m[33m>[39m[33mD
ocuments[39m officiels[3
3m<[39m[35m/Label><Texta
rea 
id="officialDocuments" 
name="officialDocuments" v
alue={chief.officialDocume
nts || ''} onChange={handl
eInputChange} rows={3} 
placeholder="Listez les 
d├®crets, arr├¬t├®s, 
etc." /[39m[33m>[39m[3
3m<[39m[33m/[39m[33mdi
v[39m[33m>[39m[0m
Next.js build worker 
exited with code: 1 and 
signal: null
