
> nextn@0.1.0 build
> next build

   Ôû▓ Next.js 15.3.8

   Creating an optimized production build ...
 Ô£ô Compiled successfully in 45s
   Skipping linting
   Checking validity of types ...
node.exe : Failed to 
compile.
Au caractère Ligne:1 : 1
+ & "C:\Program 
Files\nodejs/node.exe" 
"C:\Program 
Files\nodejs/node_mo ...
+ ~~~~~~~~~~~~~~~~~~~~~~~~
~~~~~~~~~~~~~~~~~~~~~~~~~~
~~~~~~~~~~~~~~~~~~~
    + CategoryInfo        
      : NotSpecified: (F  
  ailed to compile.:Str   
 ing) [], RemoteExcept    
ion
    + FullyQualifiedError 
   Id : NativeCommandErr  
  or
 

./src/hooks/use-firestore-
ready.ts:7:10
Type error: Variable 
'auth' implicitly has 
type 'any' in some 
locations where its type 
cannot be determined.

[0m [90m  5 |[39m[0m
[0m [90m  6 |[39m 
[36mimport[39m { 
useEffect[33m,[39m 
useState } [36mfrom[39m 
[32m'react'[39m[33m;[3
9m[0m
[0m[31m[1m>[22m[39m[
90m  7 |[39m 
[36mimport[39m { auth } 
[36mfrom[39m [32m'@/lib
/firebase'[39m[33m;[39m
[0m
[0m [90m    |[39m      
    
[31m[1m^[22m[39m[0m
[0m [90m  8 |[39m 
[36mimport[39m { 
onAuthStateChanged } 
[36mfrom[39m [32m'fireb
ase/auth'[39m[33m;[39m
[0m
[0m [90m  9 |[39m[0m
[0m [90m 10 |[39m 
[36mexport[39m 
[36mfunction[39m useFire
storeReady()[33m:[39m 
boolean {[0m
Next.js build worker 
exited with code: 1 and 
signal: null
