src/components/admin/permission-matrix.tsx(8,8): error TS2792: Cannot find module '@/services/permission-service'. Did you mean to set the 'moduleResolution' option to 'nodenext', or to add aliases to the 'paths' option?
src/components/admin/permission-matrix.tsx(9,70): error TS2792: Cannot find module '@/types/permissions'. Did you mean to set the 'moduleResolution' option to 'nodenext', or to add aliases to the 'paths' option?
src/components/admin/permission-matrix.tsx(10,52): error TS2792: Cannot find module '@/types/permissions'. Did you mean to set the 'moduleResolution' option to 'nodenext', or to add aliases to the 'paths' option?
src/components/admin/permission-matrix.tsx(23,20): error TS2792: Cannot find module '@/lib/utils'. Did you mean to set the 'moduleResolution' option to 'nodenext', or to add aliases to the 'paths' option?
src/components/admin/permission-matrix.tsx(24,24): error TS2792: Cannot find module '@/components/ui/switch'. Did you mean to set the 'moduleResolution' option to 'nodenext', or to add aliases to the 'paths' option?
src/components/admin/permission-matrix.tsx(25,24): error TS2792: Cannot find module '@/components/ui/button'. Did you mean to set the 'moduleResolution' option to 'nodenext', or to add aliases to the 'paths' option?
src/components/admin/permission-matrix.tsx(26,23): error TS2792: Cannot find module '@/components/ui/badge'. Did you mean to set the 'moduleResolution' option to 'nodenext', or to add aliases to the 'paths' option?
src/components/admin/permission-matrix.tsx(27,26): error TS2792: Cannot find module '@/components/ui/skeleton'. Did you mean to set the 'moduleResolution' option to 'nodenext', or to add aliases to the 'paths' option?
src/components/admin/permission-matrix.tsx(28,58): error TS2792: Cannot find module '@/components/ui/tabs'. Did you mean to set the 'moduleResolution' option to 'nodenext', or to add aliases to the 'paths' option?
src/components/admin/permission-matrix.tsx(29,26): error TS2792: Cannot find module '@/hooks/use-toast'. Did you mean to set the 'moduleResolution' option to 'nodenext', or to add aliases to the 'paths' option?
src/components/admin/permission-matrix.tsx(37,8): error TS2792: Cannot find module 'lucide-react'. Did you mean to set the 'moduleResolution' option to 'nodenext', or to add aliases to the 'paths' option?
src/components/admin/permission-matrix.tsx(48,8): error TS2792: Cannot find module '@/components/ui/alert-dialog'. Did you mean to set the 'moduleResolution' option to 'nodenext', or to add aliases to the 'paths' option?
src/components/admin/permission-matrix.tsx(51,8): error TS2792: Cannot find module '@/components/ui/table'. Did you mean to set the 'moduleResolution' option to 'nodenext', or to add aliases to the 'paths' option?
src/components/admin/permission-matrix.tsx(54,8): error TS2792: Cannot find module '@/components/ui/tooltip'. Did you mean to set the 'moduleResolution' option to 'nodenext', or to add aliases to the 'paths' option?
src/components/admin/permission-matrix.tsx(64,47): error TS2792: Cannot find module 'lucide-react'. Did you mean to set the 'moduleResolution' option to 'nodenext', or to add aliases to the 'paths' option?
src/components/admin/permission-matrix.tsx(65,23): error TS2792: Cannot find module '@/components/ui/input'. Did you mean to set the 'moduleResolution' option to 'nodenext', or to add aliases to the 'paths' option?
src/components/admin/permission-matrix.tsx(85,43): error TS2769: No overload matches this call.
  Overload 1 of 2, '(Component: FunctionComponent<PermissionRowProps>, propsAreEqual?: (prevProps: Readonly<PermissionRowProps>, nextProps: Readonly<...>) => boolean): NamedExoticComponent<...>', gave the following error.
    Argument of type '({ resource, permissions, onToggle, isSystem, isEven }: PermissionRowProps) => Element' is not assignable to parameter of type 'FunctionComponent<PermissionRowProps>'.
      Type 'Element' is not assignable to type 'ReactNode | Promise<ReactNode>'.
  Overload 2 of 2, '(Component: ComponentType<any>, propsAreEqual?: (prevProps: Readonly<any>, nextProps: Readonly<any>) => boolean): MemoExoticComponent<ComponentType<any>>', gave the following error.
    Argument of type '({ resource, permissions, onToggle, isSystem, isEven }: PermissionRowProps) => Element' is not assignable to parameter of type 'ComponentType<any>'.
      Type '({ resource, permissions, onToggle, isSystem, isEven }: PermissionRowProps) => Element' is not assignable to type 'FunctionComponent<any>'.
        Type 'Element' is not assignable to type 'ReactNode | Promise<ReactNode>'.
src/components/admin/permission-matrix.tsx(110,17): error TS2339: Property 'div' does not exist on type 'JSX.IntrinsicElements'.
src/components/admin/permission-matrix.tsx(111,21): error TS2339: Property 'div' does not exist on type 'JSX.IntrinsicElements'.
src/components/admin/permission-matrix.tsx(115,47): error TS2339: Property 'span' does not exist on type 'JSX.IntrinsicElements'.
src/components/admin/permission-matrix.tsx(115,91): error TS2339: Property 'span' does not exist on type 'JSX.IntrinsicElements'.
src/components/admin/permission-matrix.tsx(117,25): error TS2339: Property 'span' does not exist on type 'JSX.IntrinsicElements'.
src/components/admin/permission-matrix.tsx(117,47): error TS2339: Property 'span' does not exist on type 'JSX.IntrinsicElements'.
src/components/admin/permission-matrix.tsx(118,21): error TS2339: Property 'div' does not exist on type 'JSX.IntrinsicElements'.
src/components/admin/permission-matrix.tsx(134,17): error TS2339: Property 'div' does not exist on type 'JSX.IntrinsicElements'.
src/components/admin/permission-matrix.tsx(142,29): error TS2339: Property 'div' does not exist on type 'JSX.IntrinsicElements'.
src/components/admin/permission-matrix.tsx(145,41): error TS2339: Property 'div' does not exist on type 'JSX.IntrinsicElements'.
src/components/admin/permission-matrix.tsx(160,41): error TS2339: Property 'div' does not exist on type 'JSX.IntrinsicElements'.
src/components/admin/permission-matrix.tsx(166,29): error TS2339: Property 'div' does not exist on type 'JSX.IntrinsicElements'.
src/components/admin/permission-matrix.tsx(168,29): error TS2339: Property 'span' does not exist on type 'JSX.IntrinsicElements'.
src/components/admin/permission-matrix.tsx(168,81): error TS2339: Property 'span' does not exist on type 'JSX.IntrinsicElements'.
src/components/admin/permission-matrix.tsx(202,47): error TS1323: Dynamic imports are only supported when the '--module' flag is set to 'es2020', 'es2022', 'esnext', 'commonjs', 'amd', 'system', 'umd', 'node16', or 'nodenext'.
src/components/admin/permission-matrix.tsx(202,54): error TS2792: Cannot find module '@/lib/firebase'. Did you mean to set the 'moduleResolution' option to 'nodenext', or to add aliases to the 'paths' option?
src/components/admin/permission-matrix.tsx(203,38): error TS1323: Dynamic imports are only supported when the '--module' flag is set to 'es2020', 'es2022', 'esnext', 'commonjs', 'amd', 'system', 'umd', 'node16', or 'nodenext'.
src/components/admin/permission-matrix.tsx(203,45): error TS2792: Cannot find module '@/lib/firebase'. Did you mean to set the 'moduleResolution' option to 'nodenext', or to add aliases to the 'paths' option?
src/components/admin/permission-matrix.tsx(207,59): error TS1323: Dynamic imports are only supported when the '--module' flag is set to 'es2020', 'es2022', 'esnext', 'commonjs', 'amd', 'system', 'umd', 'node16', or 'nodenext'.
src/components/admin/permission-matrix.tsx(207,66): error TS2792: Cannot find module '@/services/permission-service'. Did you mean to set the 'moduleResolution' option to 'nodenext', or to add aliases to the 'paths' option?
src/components/admin/permission-matrix.tsx(295,13): error TS2339: Property 'div' does not exist on type 'JSX.IntrinsicElements'.
src/components/admin/permission-matrix.tsx(299,13): error TS2339: Property 'div' does not exist on type 'JSX.IntrinsicElements'.
src/components/admin/permission-matrix.tsx(306,9): error TS2339: Property 'div' does not exist on type 'JSX.IntrinsicElements'.
src/components/admin/permission-matrix.tsx(308,13): error TS2339: Property 'div' does not exist on type 'JSX.IntrinsicElements'.
src/components/admin/permission-matrix.tsx(309,17): error TS2339: Property 'div' does not exist on type 'JSX.IntrinsicElements'.
src/components/admin/permission-matrix.tsx(310,21): error TS2339: Property 'div' does not exist on type 'JSX.IntrinsicElements'.
src/components/admin/permission-matrix.tsx(324,21): error TS2339: Property 'div' does not exist on type 'JSX.IntrinsicElements'.
src/components/admin/permission-matrix.tsx(325,21): error TS2339: Property 'div' does not exist on type 'JSX.IntrinsicElements'.
src/components/admin/permission-matrix.tsx(336,41): error TS2339: Property 'span' does not exist on type 'JSX.IntrinsicElements'.
src/components/admin/permission-matrix.tsx(336,85): error TS2339: Property 'span' does not exist on type 'JSX.IntrinsicElements'.
src/components/admin/permission-matrix.tsx(386,21): error TS2339: Property 'div' does not exist on type 'JSX.IntrinsicElements'.
src/components/admin/permission-matrix.tsx(387,17): error TS2339: Property 'div' does not exist on type 'JSX.IntrinsicElements'.
src/components/admin/permission-matrix.tsx(389,17): error TS2339: Property 'div' does not exist on type 'JSX.IntrinsicElements'.
src/components/admin/permission-matrix.tsx(397,17): error TS2339: Property 'div' does not exist on type 'JSX.IntrinsicElements'.
src/components/admin/permission-matrix.tsx(398,13): error TS2339: Property 'div' does not exist on type 'JSX.IntrinsicElements'.
src/components/admin/permission-matrix.tsx(401,17): error TS2339: Property 'div' does not exist on type 'JSX.IntrinsicElements'.
src/components/admin/permission-matrix.tsx(404,17): error TS2339: Property 'div' does not exist on type 'JSX.IntrinsicElements'.
src/components/admin/permission-matrix.tsx(408,13): error TS2339: Property 'div' does not exist on type 'JSX.IntrinsicElements'.
src/components/admin/permission-matrix.tsx(441,13): error TS2339: Property 'div' does not exist on type 'JSX.IntrinsicElements'.
src/components/admin/permission-matrix.tsx(442,9): error TS2339: Property 'div' does not exist on type 'JSX.IntrinsicElements'.
src/components/admin/permission-matrix.tsx(455,13): error TS2339: Property 'div' does not exist on type 'JSX.IntrinsicElements'.
src/components/admin/permission-matrix.tsx(457,17): error TS2339: Property 'p' does not exist on type 'JSX.IntrinsicElements'.
src/components/admin/permission-matrix.tsx(457,66): error TS2339: Property 'p' does not exist on type 'JSX.IntrinsicElements'.
src/components/admin/permission-matrix.tsx(458,13): error TS2339: Property 'div' does not exist on type 'JSX.IntrinsicElements'.
src/components/admin/permission-matrix.tsx(463,9): error TS2339: Property 'div' does not exist on type 'JSX.IntrinsicElements'.
src/components/admin/permission-matrix.tsx(464,13): error TS2339: Property 'div' does not exist on type 'JSX.IntrinsicElements'.
src/components/admin/permission-matrix.tsx(465,17): error TS2339: Property 'h3' does not exist on type 'JSX.IntrinsicElements'.
src/components/admin/permission-matrix.tsx(467,17): error TS2339: Property 'h3' does not exist on type 'JSX.IntrinsicElements'.
src/components/admin/permission-matrix.tsx(468,17): error TS2339: Property 'p' does not exist on type 'JSX.IntrinsicElements'.
src/components/admin/permission-matrix.tsx(470,17): error TS2339: Property 'p' does not exist on type 'JSX.IntrinsicElements'.
src/components/admin/permission-matrix.tsx(471,13): error TS2339: Property 'div' does not exist on type 'JSX.IntrinsicElements'.
src/components/admin/permission-matrix.tsx(493,9): error TS2339: Property 'div' does not exist on type 'JSX.IntrinsicElements'.
